src/components/dashboard/Analytics.tsx(4,5): error TS6133: 'Users' is declared but its value is never read.
src/components/dashboard/Analytics.tsx(9,5): error TS6133: 'MessageSquare' is declared but its value is never read.
src/components/dashboard/Analytics.tsx(12,5): error TS6133: 'ArrowUpRight' is declared but its value is never read.
src/components/dashboard/Analytics.tsx(244,30): error TS2304: Cannot find name 'exportToCSV'.
src/components/dashboard/CanceledReservations.tsx(2,1): error TS6133: 'motion' is declared but its value is never read.
src/components/dashboard/CanceledReservations.tsx(6,5): error TS6133: 'Calendar' is declared but its value is never read.
src/components/dashboard/CanceledReservations.tsx(7,5): error TS6133: 'User' is declared but its value is never read.
src/components/dashboard/CanceledReservations.tsx(8,5): error TS6133: 'Mail' is declared but its value is never read.
src/components/dashboard/CanceledReservations.tsx(9,5): error TS6133: 'Phone' is declared but its value is never read.
src/components/dashboard/CanceledReservations.tsx(10,5): error TS6133: 'XCircle' is declared but its value is never read.
src/components/dashboard/CanceledReservations.tsx(11,5): error TS6133: 'Ticket' is declared but its value is never read.
src/components/dashboard/events/CreateEvent.tsx(4,18): error TS6133: 'AnimatePresence' is declared but its value is never read.
src/components/dashboard/Reservations.tsx(2,1): error TS6133: 'motion' is declared but its value is never read.
src/components/dashboard/Reservations.tsx(5,5): error TS6133: 'Filter' is declared but its value is never read.
src/components/dashboard/Reservations.tsx(7,5): error TS6133: 'Calendar' is declared but its value is never read.
src/components/dashboard/Reservations.tsx(8,5): error TS6133: 'User' is declared but its value is never read.
src/components/dashboard/Reservations.tsx(9,5): error TS6133: 'Mail' is declared but its value is never read.
src/components/dashboard/Reservations.tsx(10,5): error TS6133: 'Phone' is declared but its value is never read.
src/components/dashboard/Reservations.tsx(11,5): error TS6133: 'CheckCircle2' is declared but its value is never read.
src/components/dashboard/Reservations.tsx(12,5): error TS6133: 'XCircle' is declared but its value is never read.
src/components/dashboard/Reservations.tsx(13,5): error TS6133: 'Clock' is declared but its value is never read.
src/components/sections/SponsorsSection.tsx(12,11): error TS6133: 'accentColor' is declared but its value is never read.
src/components/ui/crypto-hero.tsx(39,5): error TS6133: 'cryptoCoins' is declared but its value is never read.
src/components/ui/crypto-hero.tsx(41,5): error TS6133: 'walletImage' is declared but its value is never read.
src/components/ui/timeline-animation.tsx(43,23): error TS7053: Element implicitly has an 'any' type because expression of type 'keyof IntrinsicElements' can't be used to index type '(<Props, TagName extends keyof DOMMotionComponents | string = "div">(Component: string | TagName | ComponentType<Props>, { forwardMotionProps, type }?: MotionComponentOptions | undefined, preloadedFeatures?: FeaturePackages | undefined, createVisualElement?: CreateVisualElement<...> | undefined) => MotionComponent<....'.
  Property 'animateMotion' does not exist on type '(<Props, TagName extends keyof DOMMotionComponents | string = "div">(Component: string | TagName | ComponentType<Props>, { forwardMotionProps, type }?: MotionComponentOptions | undefined, preloadedFeatures?: FeaturePackages | undefined, createVisualElement?: CreateVisualElement<...> | undefined) => MotionComponent<....'.
src/pages/LandingPage.tsx(5,49): error TS6133: 'Smartphone' is declared but its value is never read.
